---
version: 1.0.0
title: Checking a list of numbers
---
1,2,3,4