---
version: 1.0.1
title: Checking my favorite number wrap into a tuple
---
{:ok, 13}