---
version: 1.0.1
title: my first snapshot
---
Check this !